// Jest Snapshot v1, https://goo.gl/fbAQLP

exports[`User.vue renders correctly 1`] = `
<div
  class="row"
>
  <div
    class="col-12 col-lg-6"
  >
    <div
      class="card"
    >
      <header
        class="card-header"
      >
        
        User id:  1
      
      </header>
       
      <div
        class="card-body"
      >
        <div
          data-v-5f7284b9=""
          small=""
        >
          <!---->
          <div
            class="position-relative table-responsive"
            data-v-5f7284b9=""
          >
            <table
              class="table table-striped table-fixed"
              data-v-5f7284b9=""
            >
              <thead
                data-v-5f7284b9=""
              >
                <tr
                  data-v-5f7284b9=""
                >
                  <th
                    class=""
                    data-v-5f7284b9=""
                    style="vertical-align: middle; overflow: hidden; width: 150px;"
                  >
                    <div
                      data-v-5f7284b9=""
                    >
                      Samppa Nori
                    </div>
                    <!---->
                  </th>
                  <th
                    class=""
                    data-v-5f7284b9=""
                    style="vertical-align: middle; overflow: hidden; width: 150px;"
                  >
                    <div
                      data-v-5f7284b9=""
                    >
                      
                    </div>
                    <!---->
                  </th>
                </tr>
                <!---->
              </thead>
              <tbody
                class="position-relative"
                data-v-5f7284b9=""
              >
                <tr
                  data-v-5f7284b9=""
                >
                  <td
                    class=""
                    data-v-5f7284b9=""
                  >
                     registered 
                  </td>
                  <td
                    class=""
                    data-v-5f7284b9=""
                  >
                     2012/01/01 
                  </td>
                </tr>
                <!---->
                <tr
                  data-v-5f7284b9=""
                >
                  <td
                    class=""
                    data-v-5f7284b9=""
                  >
                     role 
                  </td>
                  <td
                    class=""
                    data-v-5f7284b9=""
                  >
                     Member 
                  </td>
                </tr>
                <!---->
                <tr
                  data-v-5f7284b9=""
                >
                  <td
                    class=""
                    data-v-5f7284b9=""
                  >
                     status 
                  </td>
                  <td
                    class=""
                    data-v-5f7284b9=""
                  >
                     Active 
                  </td>
                </tr>
                <!---->
                <!---->
              </tbody>
              <!---->
            </table>
            <!---->
          </div>
          <!---->
        </div>
      </div>
       
      <footer
        class="card-footer"
      >
        <button
          class="btn btn-primary"
          type="button"
        >
          Back
        </button>
      </footer>
    </div>
  </div>
</div>
`;
